// Jest Snapshot v1, https://goo.gl/fbAQLP

exports[`Unitary tests over GifExpertApp should match with the Snapshot 1`] = `
<div>
  <h2>
     GifExpertApp
  </h2>
  <AddCategory
    setCategories={[Function]}
  />
  <hr />
  <ol>
     
  </ol>
   
</div>
`;
