// Jest Snapshot v1, https://goo.gl/fbAQLP

exports[`Pruebas en GifGridItem debe mostrar el componente correctamente 1`] = `
<div
  className="card animate__animated animate__bounce animate__jackInTheBox"
>
  <img
    alt="Algun titulo"
    src="https://localhost/algo.jpg"
  />
</div>
`;
